17:57:36 **** Incremental Build of configuration Debug for project MPU6050 ****
make -j12 all 
arm-none-eabi-gcc "../Core/Src/MPU6050.c" -mcpu=cortex-m3 -std=gnu11 -g3 -DDEBUG -DUSE_HAL_DRIVER -DSTM32F103xB -c -I../Core/Inc -I../Drivers/STM32F1xx_HAL_Driver/Inc/Legacy -I../Drivers/STM32F1xx_HAL_Driver/Inc -I../Drivers/CMSIS/Device/ST/STM32F1xx/Include -I../Drivers/CMSIS/Include -O0 -ffunction-sections -fdata-sections -Wall -fstack-usage -fcyclomatic-complexity -MMD -MP -MF"Core/Src/MPU6050.d" -MT"Core/Src/MPU6050.o" --specs=nano.specs -mfloat-abi=soft -mthumb -o "Core/Src/MPU6050.o"
arm-none-eabi-gcc "../Core/Src/main.c" -mcpu=cortex-m3 -std=gnu11 -g3 -DDEBUG -DUSE_HAL_DRIVER -DSTM32F103xB -c -I../Core/Inc -I../Drivers/STM32F1xx_HAL_Driver/Inc/Legacy -I../Drivers/STM32F1xx_HAL_Driver/Inc -I../Drivers/CMSIS/Device/ST/STM32F1xx/Include -I../Drivers/CMSIS/Include -O0 -ffunction-sections -fdata-sections -Wall -fstack-usage -fcyclomatic-complexity -MMD -MP -MF"Core/Src/main.d" -MT"Core/Src/main.o" --specs=nano.specs -mfloat-abi=soft -mthumb -o "Core/Src/main.o"
arm-none-eabi-gcc -o "MPU6050.elf" @"objects.list"   -mcpu=cortex-m3 -T"C:\Users\33479\Desktop\Code\F103C8T6\MPU6050\STM32F103C8TX_FLASH.ld" --specs=nosys.specs -Wl,-Map="MPU6050.map" -Wl,--gc-sections -static --specs=nano.specs -mfloat-abi=soft -mthumb -u _printf_float -Wl,--start-group -lc -lm -Wl,--end-group
Finished building target: MPU6050.elf
 
arm-none-eabi-size  MPU6050.elf 
arm-none-eabi-objdump -h -S MPU6050.elf  > "MPU6050.list"
   text	   data	    bss	    dec	    hex	filename
  28288	    468	   2100	  30856	   7888	MPU6050.elf
Finished building: default.size.stdout
 
Finished building: MPU6050.list
 

17:57:40 Build Finished. 0 errors, 0 warnings. (took 4s.143ms)

