<html>
<body>
<pre>
<h1>µVision Build Log</h1>
<h2>Tool Versions:</h2>
IDE-Version: ¦ÌVision V5.14.0.0
Copyright (C) 2015 ARM Ltd and ARM Germany GmbH. All rights reserved.
License Information: 1 3347949026@qq.com, 1, LIC=EPPLD-822ER-5B6EB-2T9WA-7JGCS-9G6Y4
 
Tool Versions:
Toolchain:       MDK-ARM Professional  Version: 5.14.0.0
Toolchain Path:  C:\Keil_v5\ARM\ARMCC\Bin
C Compiler:      Armcc.exe V5.05 update 1 (build 106)
Assembler:       Armasm.exe V5.05 update 1 (build 106)
Linker/Locator:  ArmLink.exe V5.05 update 1 (build 106)
Library Manager: ArmAr.exe V5.05 update 1 (build 106)
Hex Converter:   FromElf.exe V5.05 update 1 (build 106)
CPU DLL:         SARMCM3.DLL V5.14.0.0
Dialog DLL:      DCM.DLL V1.13.1.0
Target DLL:      STLink\ST-LINKIII-KEIL_SWO.dll V2.0.14.0_KEIL
Dialog DLL:      TCM.DLL V1.14.4.0
 
<h2>Project:</h2>
C:\Users\33479\Desktop\Code\G431RBT6\Test_01\MDK-ARM\Test_01.uvprojx
Project File Date:  02/08/2026

<h2>Output:</h2>
Build target 'Test_01'
compiling main.c...
compiling system.c...
..\APP\system.c(9): warning:  #1-D: last line of file ends without a newline
  }
..\APP\system.c: 1 warning, 0 errors
compiling scheduler.c...
..\APP\scheduler.c(33): warning:  #1-D: last line of file ends without a newline
  }     
..\APP\scheduler.c: 1 warning, 0 errors
linking...
Program Size: Code=3500 RO-data=528 RW-data=32 ZI-data=1024  
FromELF: creating hex file...
"Test_01\Test_01.axf" - 0 Error(s), 2 Warning(s).

<h2>Collection of Component include folders:</h2>
  C:\Users\33479\Desktop\Code\G431RBT6\Test_01\MDK-ARM\RTE
  C:\Users\33479\AppData\Local\Arm\Packs\Keil\STM32G4xx_DFP\1.6.0

<h2>Collection of Component Files used:</h2>
</pre>
</body>
</html>
